// Jest Snapshot v1, https://goo.gl/fbAQLP

exports[`SetupRobotSkills Component renders correctly 1`] = `
<Container>
  <CompactListItem
    key="Skills"
    onPress={[Function]}
    subtitle="0"
    title="Skills"
  />
  <Footer
    style={
      Object {
        "paddingTop": 34,
      }
    }
  >
    <Card
      button="Add category"
      onPress={[Function]}
    />
  </Footer>
</Container>
`;
