// Jest Snapshot v1, https://goo.gl/fbAQLP

exports[`Screen Component renders correctly 1`] = `
<View
  style={
    Array [
      Object {
        "backgroundColor": "#FAFAFA",
        "flex": 1,
        "height": 768,
      },
      Object {
        "paddingTop": 24,
      },
    ]
  }
>
  <LinearGradient
    angle={143}
    colors={
      Array [
        "#F9BC62",
        "#FFDCA8",
      ]
    }
    end={
      Object {
        "x": 0.5,
        "y": 1,
      }
    }
    start={
      Object {
        "x": 0.5,
        "y": 0,
      }
    }
    style={
      Object {
        "height": "120%",
        "left": 0,
        "position": "absolute",
        "top": 0,
        "width": "100%",
      }
    }
    useAngle={true}
  />
</View>
`;
