// Jest Snapshot v1, https://goo.gl/fbAQLP

exports[`Screen Component renders correctly 1`] = `
<View
  style={
    Object {
      "backgroundColor": "#FAFAFA",
      "flex": 1,
      "height": 768,
    }
  }
>
  <View
    style={
      Object {
        "alignItems": "center",
        "display": "flex",
        "justifyContent": "center",
        "marginVertical": 48,
        "width": "100%",
      }
    }
  >
    <Image
      source={
        Object {
          "process": [Function],
        }
      }
    />
  </View>
  <View
    style={
      Object {
        "backgroundColor": "#F9BC62",
        "bottom": 0,
        "left": 0,
        "minHeight": 80,
        "paddingBottom": 24,
        "position": "absolute",
        "width": "100%",
      }
    }
  >
    <View
      style={
        Array [
          Object {
            "alignItems": "center",
            "display": "flex",
            "justifyContent": "center",
            "width": "100%",
          },
          Object {
            "marginTop": 24,
          },
        ]
      }
    >
      <Text
        style={
          Object {
            "color": "#354052",
            "fontFamily": "Roboto-Medium",
            "fontSize": 16,
          }
        }
      >
        HELLO
      </Text>
    </View>
    <View
      style={
        Array [
          Object {
            "alignItems": "center",
            "display": "flex",
            "justifyContent": "center",
            "width": "100%",
          },
          Object {
            "marginBottom": 16,
            "marginTop": 8,
          },
        ]
      }
    >
      <Text
        style={
          Object {
            "color": "#354052",
            "fontFamily": "Roboto-Medium",
            "fontSize": 16,
            "marginHorizontal": 16,
            "textAlign": "center",
          }
        }
      >
        The app is ready! Sorry, almost ready :)

The good news is you can follow along as this Beta version of the app develops over the coming weeks.
      </Text>
    </View>
    <View
      style={
        Object {
          "alignItems": "center",
          "display": "flex",
          "justifyContent": "center",
          "width": "100%",
        }
      }
    >
      <TouchableOpacity
        debounceTime={500}
        onPress={[Function]}
        style={
          Object {
            "backgroundColor": "white",
            "borderColor": "#FCE2BA",
            "borderRadius": 100,
            "borderWidth": 8,
            "minWidth": 112,
            "paddingHorizontal": 24,
            "paddingVertical": 8,
          }
        }
      >
        <Text
          style={
            Object {
              "color": "#354052",
              "fontFamily": "Roboto-Medium",
              "fontSize": 18,
              "textAlign": "center",
            }
          }
        >
          Learn More
        </Text>
      </TouchableOpacity>
    </View>
  </View>
</View>
`;
