// Jest Snapshot v1, https://goo.gl/fbAQLP

exports[`SetupRobotConnection Component renders correctly 1`] = `
<Container>
  <List>
    <ListHeader
      title="Bluetooth"
    />
    <OptionListItem
      onPress={[Function]}
      selected={true}
      title="Include new line"
      value={false}
    />
  </List>
  <View
    style={
      Object {
        "alignItems": "center",
        "display": "flex",
        "justifyContent": "center",
        "marginVertical": 16,
        "width": "100%",
      }
    }
  >
    <Text
      style={
        Object {
          "color": "#9B9B9B",
          "fontFamily": "Roboto-Medium",
          "fontSize": 16,
          "textAlign": "center",
        }
      }
    >
      Wifi support coming soon
    </Text>
  </View>
</Container>
`;
