// Jest Snapshot v1, https://goo.gl/fbAQLP

exports[`Screen Component renders correctly 1`] = `
<View
  style={
    Object {
      "flex": 1,
    }
  }
>
  <WebView
    onLoad={[Function]}
    source={
      Object {
        "uri": "http://www.google.com",
      }
    }
    style={
      Object {
        "flex": 1,
      }
    }
  />
  <View
    style={
      Object {
        "alignItems": "center",
        "bottom": 0,
        "justifyContent": "center",
        "left": 0,
        "position": "absolute",
        "right": 0,
        "top": 0,
      }
    }
  >
    <ActivityIndicator
      size="large"
    />
  </View>
</View>
`;
